[    0.858] frontend: starting (pid 103)
[     0.868] display: switching to Unknown-1: 640x480@78.57 on crtc 49 (index 0)
[     0.881] display: plane 33: none
[     0.882] display: output now Unknown-1 640x480@78.57 (internal) crtc 49 plane 33, path none
[     0.907] display: plane 33: XR24 640x480 scaled to 640x480+0+0 (converted)
[     0.920] display: plane 33: XR24 640x480 scaled to 640x480+0+0 (converted)
[    0.920] frontend: output init: Unknown-1 640x480@78.571 Hz, UI 640x480
[    0.930] frontend: splash: 11114 bytes, 640x480, shown 77 ms after start (read 2889 us, decode + present 7297 us)
[   0.939] ui I: input: /dev/input/event5 "RetroStone2 Buttons" 0001:0001 guid 19000000010000000100000000010000 -> built-in
[   0.941] ui I: input: /dev/input/event4 "analog-stick" 0000:0000 guid 19000000616e616c6f672d737469636b -> built-in (analog stick)
[   0.942] ui I: input: /dev/input/event1 "RetroStone2 Brightness Keys" 0001:0001 guid 19000000010000000100000000010000 -> built-in
[   0.943] ui I: input: /dev/input/event0 "RetroStone2 Shoulder Buttons" 0001:0001 guid 19000000010000000100000000010000 -> built-in
[   0.972] ui I: ui: warm-up: 7 folders, 6 reads, 1024 KiB, 28387 us
[   0.996] ui I: ui: menu style bg f0202226 dim 99000000 text ffe8e8e8 selector ff3d7bd9
[   0.997] ui I: ui: created in 53416 us, theme rsos-light (io 1 reads, 0 KiB)
[   0.997] ui I: ui: logical size 640x480
[   1.071] ui I: ui: menu style bg faf6f7f9 dim 99000000 text ff1d2126 selector ff2f6fd0
[   1.073] ui I: ui: menu from the snapshot: 5 entries, 11 games, in 60639 us (warm-up 12 folders, 10 reads, 42492 us; io 4 reads); checking 30 systems in the background
[     1.074] display: hotplug uevent (seq 961), debounce 250 ms
[   1.178] ui I: ui: first frame in 104039 us (theme parsing 19397 us, images: 0 decoded in 0 us, 0 from the cache in 0 us, 0 shared; backdrops: 1 from the cache, 0 composited, 16907 us; io 1 reads, 69 KiB)
[    1.181] frontend: frame 0: 107644 us (wait for a buffer 234, render 104464, present 2946)
[    1.182] frontend: first frame 329 ms after start (ui_create 53416 us)
[power] PEK force-off 6000 ms, power-on hold 128 ms
[power] battery 66 % 3821 mV discharging, charger off, boot key
[    1.202] frontend: power: mode normal, battery 66 %
[    1.203] transfer: usb: watching /sys/block (kernel uevents)
[    1.203] frontend: menu up 351 ms after start (game lists still loading): running /usr/bin/rsos-boot-ok
[    1.231] frontend: frame 1: 18607 us (wait for a buffer 8, render 15584, present 3015)
[     1.326] display: hotplug: no change (Unknown-1 still 640x480@78.57)
[   1.512] ui I: games: gb: 5 games from the cache in 67548 us (folder 132, read 10220, stat 56824 x1, parse 227)
[   1.514] ui I: games: gbc: 1 games from the cache in 4715 us (folder 53, read 4146, stat 377 x1, parse 118)
[   1.514] ui I: games: nes: 2 games from the cache in 3434 us (folder 96, read 2887, stat 243 x1, parse 190)
[   1.514] ui I: games: megadrive: 3 games from the cache in 1920 us (folder 62, read 1237, stat 275 x1, parse 327)
[   1.514] ui I: games: fds: still an empty folder (same mtime), 1124 us
[    1.546] frontend: frame 2: 31672 us (wait for a buffer 6, render 24902, present 6764)
[   1.556] ui I: games: snes: still an empty folder (same mtime), 4616 us
[   1.557] ui I: games: n64: still an empty folder (same mtime), 1105 us
[   1.557] ui I: games: gba: still an empty folder (same mtime), 1290 us
[   1.557] ui I: games: sg1000: still an empty folder (same mtime), 1982 us
[   1.557] ui I: games: mastersystem: still an empty folder (same mtime), 1067 us
[   1.557] ui I: games: segacd: still an empty folder (same mtime), 2044 us
[   1.557] ui I: games: sega32x: still an empty folder (same mtime), 2064 us
[   1.557] ui I: games: pico: still an empty folder (same mtime), 1254 us
[   1.557] ui I: games: gamegear: still an empty folder (same mtime), 1243 us
[   1.557] ui I: games: psx: still an empty folder (same mtime), 4295 us
[   1.557] ui I: games: pcengine: still an empty folder (same mtime), 990 us
[   1.557] ui I: games: pcenginecd: still an empty folder (same mtime), 4298 us
[   1.557] ui I: games: ngp: still an empty folder (same mtime), 3031 us
[   1.557] ui I: games: ngpc: still an empty folder (same mtime), 4185 us
[   1.557] ui I: games: wonderswan: still an empty folder (same mtime), 2404 us
[   1.557] ui I: games: wonderswancolor: still an empty folder (same mtime), 1073 us
[   1.557] ui I: games: atari2600: still an empty folder (same mtime), 5332 us
[    1.585] frontend: frame 3: 27768 us (wait for a buffer 6, render 24781, present 2981)
[   1.594] ui I: games: atari7800: still an empty folder (same mtime), 5010 us
[   1.597] ui I: games: atarilynx: still an empty folder (same mtime), 935 us
[   1.597] ui I: games: coleco: still an empty folder (same mtime), 790 us
[   1.597] ui I: games: msx: still an empty folder (same mtime), 3249 us
[   1.597] ui I: games: arcade: still an empty folder (same mtime), 1181 us
[   1.597] ui I: games: fbneo: still an empty folder (same mtime), 2849 us
[   1.597] ui I: games: neogeo: still an empty folder (same mtime), 2881 us
[   1.597] ui I: games: neocd: still an empty folder (same mtime), 1080 us
[   1.597] ui I: ui: game lists complete: 30 systems checked, 4 with games, 11 games, in 584 ms (worker 359 ms; warm-up 38 folders, 12 reads, 4864 KiB, 219 ms); carousel unchanged, 0 lists replaced; io 19 reads, 5580 KiB; digest 4c8b852a00efaadb
[   1.598] ui I: ui: game list time by step: folder 343 us, cache read 18490 us, validation stat 119091 us, decode 862 us, readdir 0 us, gamelist.xml 0 us, cache write 0 us; slowest gb 67548 us
[    1.621] frontend: game lists complete 769 ms after start
