[    0.728] frontend: starting (pid 100)
[     0.743] display: switching to Unknown-1: 640x480@78.57 on crtc 49 (index 0)
[     0.758] display: plane 33: none
[     0.758] display: output now Unknown-1 640x480@78.57 (internal) crtc 49 plane 33, path none
[     0.770] display: plane 33: XR24 640x480 scaled to 640x480+0+0 (converted)
[     0.783] display: plane 33: XR24 640x480 scaled to 640x480+0+0 (converted)
[    0.783] frontend: output init: Unknown-1 640x480@78.571 Hz, UI 640x480
[    0.791] frontend: splash: 11114 bytes, 640x480, shown 63 ms after start (read 269 us, decode + present 7311 us)
[   0.792] ui I: input: /dev/input/event5 "RetroStone2 Buttons" 0001:0001 guid 19000000010000000100000000010000 -> built-in
[   0.793] ui I: input: /dev/input/event4 "analog-stick" 0000:0000 guid 19000000616e616c6f672d737469636b -> built-in (analog stick)
[   0.794] ui I: input: /dev/input/event1 "RetroStone2 Brightness Keys" 0001:0001 guid 19000000010000000100000000010000 -> built-in
[   0.795] ui I: input: /dev/input/event0 "RetroStone2 Shoulder Buttons" 0001:0001 guid 19000000010000000100000000010000 -> built-in
[   0.824] ui I: ui: warm-up: 7 folders, 6 reads, 1024 KiB, 28774 us
[   0.832] ui I: ui: menu style bg f0202226 dim 99000000 text ffe8e8e8 selector ff3d7bd9
[   0.833] ui I: ui: created in 37265 us, theme rsos-dark (io 0 reads, 0 KiB)
[   0.833] ui I: ui: logical size 640x480
[   0.905] ui I: ui: menu style bg fa1b1e23 dim 99000000 text ffeceef1 selector ff3d7bd9
[   0.906] ui I: ui: menu from the snapshot: 4 entries, 11 games, in 56437 us (warm-up 12 folders, 10 reads, 42900 us; io 4 reads); checking 30 systems in the background
[     0.906] display: hotplug uevent (seq 798), debounce 250 ms
[     0.907] display: hotplug uevent (seq 799), debounce 250 ms
[   1.004] ui I: ui: first frame in 96943 us (theme parsing 15575 us, images: 0 decoded in 0 us, 0 from the cache in 0 us, 0 shared; backdrops: 1 from the cache, 0 composited, 14053 us; io 1 reads, 82 KiB)
[    1.007] frontend: frame 0: 100456 us (wait for a buffer 465, render 97377, present 2614)
[    1.007] frontend: first frame 280 ms after start (ui_create 37265 us)
[power] PEK force-off 6000 ms, power-on hold 128 ms
[power] battery 66 % 3814 mV discharging, charger off, boot key
[    1.025] frontend: power: mode normal, battery 66 %
[    1.026] transfer: usb: watching /sys/block (kernel uevents)
[    1.026] frontend: menu up 299 ms after start (game lists still loading): running /usr/bin/rsos-boot-ok
[    1.056] frontend: frame 1: 16517 us (wait for a buffer 7, render 13201, present 3309)
[     1.158] display: hotplug: no change (Unknown-1 still 640x480@78.57)
[   1.281] ui I: games: nes: 2 games from the cache in 13394 us (folder 118, read 12571, stat 365 x1, parse 267)
[   1.281] ui I: games: gb: 5 games from the cache in 3874 us (folder 74, read 3429, stat 243 x1, parse 114)
[    1.298] frontend: frame 2: 17057 us (wait for a buffer 6, render 14205, present 2846)
[   1.305] ui I: games: megadrive: 3 games from the cache in 4707 us (folder 49, read 1953, stat 282 x1, parse 198)
[   1.305] ui I: games: gbc: 1 games from the cache in 2278 us (folder 136, read 1412, stat 450 x1, parse 258)
[    1.316] frontend: frame 3: 10593 us (wait for a buffer 5, render 7966, present 2622)
[   1.360] ui I: games: fds: scanned 0 games in 58916 us (folder 2950, cache read 2784, readdir 304 x1, gamelist 236, cache write 52321)
[   1.360] ui I: games: snes: still an empty folder (same mtime), 974 us
[   1.360] ui I: games: n64: still an empty folder (same mtime), 1104 us
[   1.360] ui I: games: gba: still an empty folder (same mtime), 889 us
[   1.360] ui I: games: sg1000: still an empty folder (same mtime), 1005 us
[   1.360] ui I: games: mastersystem: still an empty folder (same mtime), 874 us
[   1.360] ui I: games: segacd: still an empty folder (same mtime), 906 us
[   1.360] ui I: games: sega32x: still an empty folder (same mtime), 1981 us
[   1.360] ui I: games: pico: still an empty folder (same mtime), 900 us
[   1.360] ui I: games: gamegear: still an empty folder (same mtime), 808 us
[   1.360] ui I: games: psx: scanned 0 games in 3450 us (folder 950, cache read 1318, readdir 190 x1, gamelist 75, cache write 720)
[   1.360] ui I: games: pcengine: still an empty folder (same mtime), 3717 us
[   1.394] ui I: games: pcenginecd: scanned 0 games in 6513 us (folder 1164, cache read 1645, readdir 211 x1, gamelist 142, cache write 973)
[   1.394] ui I: games: ngp: still an empty folder (same mtime), 2778 us
[   1.395] ui I: games: ngpc: still an empty folder (same mtime), 1047 us
[   1.395] ui I: games: wonderswan: still an empty folder (same mtime), 3676 us
[   1.395] ui I: games: wonderswancolor: still an empty folder (same mtime), 899 us
[   1.395] ui I: games: atari2600: still an empty folder (same mtime), 4237 us
[   1.395] ui I: games: atari7800: still an empty folder (same mtime), 1247 us
[   1.395] ui I: games: atarilynx: still an empty folder (same mtime), 2273 us
[   1.395] ui I: games: coleco: scanned 0 games in 6153 us (folder 3699, cache read 1229, readdir 159 x1, gamelist 80, cache write 743)
[   1.395] ui I: games: msx: still an empty folder (same mtime), 835 us
[   1.395] ui I: games: arcade: still an empty folder (same mtime), 2578 us
[   1.395] ui I: games: fbneo: still an empty folder (same mtime), 959 us
[   1.421] ui I: games: neogeo: still an empty folder (same mtime), 3150 us
[   1.421] ui I: games: neocd: still an empty folder (same mtime), 1544 us
[   1.422] ui I: ui: game lists complete: 30 systems checked, 4 with games, 11 games, in 572 ms (worker 360 ms; warm-up 38 folders, 12 reads, 4864 KiB, 221 ms); carousel unchanged, 0 lists replaced; io 24 reads, 5467 KiB; digest 72dcf2dab7b6217e
[   1.422] ui I: ui: game list time by step: folder 9140 us, cache read 26341 us, validation stat 40075 us, decode 3334 us, readdir 864 us, gamelist.xml 533 us, cache write 54757 us; slowest fds 58916 us
[   1.426] ui I: ui: carousel snapshot saved (4 entries)
[    1.451] frontend: game lists complete 724 ms after start
[    2.976] frontend: frame 7: 1192775 us (wait for a buffer 4, render 1189978, present 2793) slow
[     2.985] display: refresh measured on Unknown-1: 78.572 Hz (172 vblanks in 2.189 s; mode 78.571 Hz)
[    8.443] frontend: frame 57: 517041 us (wait for a buffer 5, render 514057, present 2979) slow
[    8.981] frontend: frame 62: 485289 us (wait for a buffer 4, render 482205, present 3080) slow
[   11.146] frontend: frame 115: 263096 us (wait for a buffer 5, render 260401, present 2690) slow
[   13.364] frontend: frame 169: 70032 us (wait for a buffer 5, render 67439, present 2588) slow
[   14.812] frontend: frame 172: 264388 us (wait for a buffer 5, render 261436, present 2947) slow
[  15.563] ui I: ui: launch "Into the Blue" (/data/roms/gb/Into the Blue.gb) with gambatte (default)
[   15.622] frontend: launch: player 1 = builtin
[    15.623] display: suspended: DRM master dropped
[   15.623] frontend: launch Into the Blue (/data/roms/gb/Into the Blue.gb) with /usr/lib/libretro/gambatte_libretro.so
[    15.626] host I: game process 464 started: /usr/lib/libretro/gambatte_libretro.so /data/roms/gb/Into the Blue.gb
[power] power key short press: powering off
[power] shutdown requested: user
[   19.923] frontend: shutdown requested: user
[    20.167] host I: game process 464 exited: 3
[   20.167] frontend: game ended for a power-off: the display is not taken back
[   20.167] frontend: game ended: status 3, exit 3
[   20.167] frontend: auto state written at exit: 27 KB in 143 ms
[   20.269] frontend: resume: recorded Into the Blue (/data/roms/gb/Into the Blue.gb, core gambatte, options default) for the next boot
