[    0.891] frontend: starting (pid 104)
[     0.902] display: switching to Unknown-1: 640x480@78.57 on crtc 49 (index 0)
[     0.916] display: plane 33: none
[     0.916] display: output now Unknown-1 640x480@78.57 (internal) crtc 49 plane 33, path none
[     0.942] display: plane 33: XR24 640x480 scaled to 640x480+0+0 (converted)
[     0.954] display: plane 33: XR24 640x480 scaled to 640x480+0+0 (converted)
[    0.954] frontend: output init: Unknown-1 640x480@78.571 Hz, UI 640x480
[    0.965] frontend: splash: 11114 bytes, 640x480, shown 79 ms after start (read 2832 us, decode + present 7734 us)
[   0.974] ui I: input: /dev/input/event5 "RetroStone2 Buttons" 0001:0001 guid 19000000010000000100000000010000 -> built-in
[   0.976] ui I: input: /dev/input/event4 "analog-stick" 0000:0000 guid 19000000616e616c6f672d737469636b -> built-in (analog stick)
[   0.977] ui I: input: /dev/input/event1 "RetroStone2 Brightness Keys" 0001:0001 guid 19000000010000000100000000010000 -> built-in
[   0.977] ui I: input: /dev/input/event0 "RetroStone2 Shoulder Buttons" 0001:0001 guid 19000000010000000100000000010000 -> built-in
[   1.006] ui I: ui: warm-up: 7 folders, 6 reads, 1024 KiB, 28224 us
[   1.032] ui I: ui: menu style bg f0202226 dim 99000000 text ffe8e8e8 selector ff3d7bd9
[   1.033] ui I: ui: created in 54606 us, theme rsos-light (io 1 reads, 0 KiB)
[   1.033] ui I: ui: logical size 640x480
[   1.107] ui I: ui: menu style bg faf6f7f9 dim 99000000 text ff1d2126 selector ff2f6fd0
[   1.110] ui I: ui: menu from the snapshot: 4 entries, 11 games, in 60753 us (warm-up 12 folders, 10 reads, 42951 us; io 4 reads); checking 30 systems in the background
[     1.110] display: hotplug uevent (seq 961), debounce 250 ms
[   1.208] ui I: ui: first frame in 97619 us (theme parsing 15743 us, images: 0 decoded in 0 us, 0 from the cache in 0 us, 0 shared; backdrops: 1 from the cache, 0 composited, 17434 us; io 1 reads, 69 KiB)
[    1.211] frontend: frame 0: 100903 us (wait for a buffer 232, render 98046, present 2625)
[    1.211] frontend: first frame 325 ms after start (ui_create 54606 us)
[power] PEK force-off 6000 ms, power-on hold 128 ms
[power] battery 66 % 3817 mV discharging, charger off, boot key
[    1.234] frontend: power: mode normal, battery 66 %
[    1.235] transfer: usb: watching /sys/block (kernel uevents)
[    1.235] frontend: menu up 349 ms after start (game lists still loading): running /usr/bin/rsos-boot-ok
[    1.266] frontend: frame 1: 22171 us (wait for a buffer 6, render 18831, present 3334)
[     1.362] display: hotplug: no change (Unknown-1 still 640x480@78.57)
[   1.490] ui I: games: gb: 5 games from the cache in 4970 us (folder 110, read 4309, stat 330 x1, parse 158)
[   1.490] ui I: games: gbc: 1 games from the cache in 2249 us (folder 53, read 1855, stat 228 x1, parse 98)
[   1.490] ui I: games: nes: 2 games from the cache in 2928 us (folder 36, read 2431, stat 215 x1, parse 231)
[   1.490] ui I: games: megadrive: 3 games from the cache in 3147 us (folder 75, read 2473, stat 295 x1, parse 278)
[   1.490] ui I: games: fds: still an empty folder (same mtime), 2158 us
[    1.515] frontend: frame 2: 24934 us (wait for a buffer 6, render 18153, present 6775)
[   1.527] ui I: games: snes: still an empty folder (same mtime), 2118 us
[   1.527] ui I: games: n64: still an empty folder (same mtime), 930 us
[   1.527] ui I: games: gba: still an empty folder (same mtime), 4192 us
[   1.527] ui I: games: sg1000: still an empty folder (same mtime), 1275 us
[   1.527] ui I: games: mastersystem: still an empty folder (same mtime), 2603 us
[   1.527] ui I: games: segacd: still an empty folder (same mtime), 2216 us
[   1.527] ui I: games: sega32x: still an empty folder (same mtime), 1740 us
[   1.527] ui I: games: pico: still an empty folder (same mtime), 987 us
[   1.527] ui I: games: gamegear: still an empty folder (same mtime), 1800 us
[   1.527] ui I: games: psx: still an empty folder (same mtime), 2114 us
[   1.527] ui I: games: pcengine: still an empty folder (same mtime), 2632 us
[   1.527] ui I: games: pcenginecd: still an empty folder (same mtime), 3789 us
[   1.527] ui I: games: ngp: still an empty folder (same mtime), 2204 us
[    1.538] frontend: frame 3: 10812 us (wait for a buffer 5, render 7449, present 3358)
[   1.582] ui I: games: ngpc: still an empty folder (same mtime), 53135 us
[   1.582] ui I: games: wonderswan: still an empty folder (same mtime), 898 us
[   1.582] ui I: games: wonderswancolor: still an empty folder (same mtime), 2242 us
[   1.582] ui I: games: atari2600: still an empty folder (same mtime), 3183 us
[   1.582] ui I: games: atari7800: still an empty folder (same mtime), 1370 us
[   1.582] ui I: games: atarilynx: still an empty folder (same mtime), 1796 us
[   1.582] ui I: games: coleco: still an empty folder (same mtime), 2155 us
[   1.617] ui I: games: msx: still an empty folder (same mtime), 3454 us
[   1.617] ui I: games: arcade: still an empty folder (same mtime), 3149 us
[   1.618] ui I: games: fbneo: still an empty folder (same mtime), 1022 us
[   1.618] ui I: games: neogeo: still an empty folder (same mtime), 5777 us
[   1.618] ui I: games: neocd: still an empty folder (same mtime), 1022 us
[   1.618] ui I: ui: menu style bg faf6f7f9 dim 99000000 text ff1d2126 selector ff2f6fd0
[   1.620] ui I: ui: game lists complete: 30 systems checked, 4 with games, 11 games, in 569 ms (worker 349 ms; warm-up 38 folders, 12 reads, 4864 KiB, 226 ms); carousel updated, 0 lists replaced; io 18 reads, 5452 KiB; digest 9e62e22461da2088
[   1.620] ui I: ui: game list time by step: folder 274 us, cache read 11068 us, validation stat 111029 us, decode 765 us, readdir 0 us, gamelist.xml 0 us, cache write 0 us; slowest ngpc 53135 us
[   1.622] ui I: ui: carousel snapshot saved (5 entries)
[    1.694] frontend: frame 5: 72021 us (wait for a buffer 6, render 68821, present 3194) slow
[    1.694] frontend: game lists complete 808 ms after start
[    4.004] frontend: frame 28: 105998 us (wait for a buffer 6, render 102102, present 3890) slow
[  16.355] ui I: ui: launch "Espionage" (/data/roms/gb/Espionage.gb) with gambatte
[   16.534] frontend: launch: player 1 = builtin
[    16.535] display: suspended: DRM master dropped
[   16.535] frontend: launch Espionage (/data/roms/gb/Espionage.gb) with /usr/lib/libretro/gambatte_libretro.so
[    16.540] host I: game process 447 started: /usr/lib/libretro/gambatte_libretro.so /data/roms/gb/Espionage.gb
