[    0.871] frontend: starting (pid 106)
[     0.881] display: switching to Unknown-1: 640x480@78.57 on crtc 49 (index 0)
[     0.895] display: plane 33: none
[     0.895] display: output now Unknown-1 640x480@78.57 (internal) crtc 49 plane 33, path none
[     0.921] display: plane 33: XR24 640x480 scaled to 640x480+0+0 (converted)
[     0.933] display: plane 33: XR24 640x480 scaled to 640x480+0+0 (converted)
[    0.933] frontend: output init: Unknown-1 640x480@78.571 Hz, UI 640x480
[    0.944] frontend: splash: 11114 bytes, 640x480, shown 78 ms after start (read 2847 us, decode + present 7436 us)
[   0.952] ui I: input: /dev/input/event5 "RetroStone2 Buttons" 0001:0001 guid 19000000010000000100000000010000 -> built-in
[   0.955] ui I: input: /dev/input/event4 "analog-stick" 0000:0000 guid 19000000616e616c6f672d737469636b -> built-in (analog stick)
[   0.956] ui I: input: /dev/input/event1 "RetroStone2 Brightness Keys" 0001:0001 guid 19000000010000000100000000010000 -> built-in
[   0.956] ui I: input: /dev/input/event0 "RetroStone2 Shoulder Buttons" 0001:0001 guid 19000000010000000100000000010000 -> built-in
[   0.985] ui I: ui: warm-up: 7 folders, 6 reads, 1024 KiB, 28323 us
[   1.009] ui I: ui: menu style bg f0202226 dim 99000000 text ffe8e8e8 selector ff3d7bd9
[   1.009] ui I: ui: created in 52744 us, theme rsos-light (io 0 reads, 0 KiB)
[   1.010] ui I: ui: logical size 640x480
[   1.085] ui I: ui: menu style bg faf6f7f9 dim 99000000 text ff1d2126 selector ff2f6fd0
[   1.087] ui I: ui: menu from the snapshot: 4 entries, 11 games, in 61370 us (warm-up 12 folders, 10 reads, 44011 us; io 4 reads); checking 30 systems in the background
[     1.088] display: hotplug uevent (seq 961), debounce 250 ms
[   1.184] ui I: ui: first frame in 95612 us (theme parsing 16561 us, images: 0 decoded in 0 us, 0 from the cache in 0 us, 0 shared; backdrops: 1 from the cache, 0 composited, 11844 us; io 1 reads, 70 KiB)
[    1.186] frontend: frame 0: 98986 us (wait for a buffer 297, render 96092, present 2597)
[    1.187] frontend: first frame 321 ms after start (ui_create 52744 us)
[power] PEK force-off 6000 ms, power-on hold 128 ms
[power] battery 66 % 3818 mV discharging, charger off, boot key
[    1.207] frontend: power: mode normal, battery 66 %
[    1.207] transfer: usb: watching /sys/block (kernel uevents)
[    1.208] frontend: menu up 343 ms after start (game lists still loading): running /usr/bin/rsos-boot-ok
[    1.238] frontend: frame 1: 18366 us (wait for a buffer 7, render 15201, present 3158)
[     1.338] display: hotplug: no change (Unknown-1 still 640x480@78.57)
[   1.461] ui I: games: nes: 2 games from the cache in 7587 us (folder 174, read 6704, stat 410 x1, parse 232)
[   1.461] ui I: games: gb: 5 games from the cache in 5105 us (folder 71, read 2649, stat 2222 x1, parse 140)
[   1.461] ui I: games: megadrive: 3 games from the cache in 5253 us (folder 60, read 4616, stat 243 x1, parse 316)
[    1.484] frontend: frame 2: 20087 us (wait for a buffer 7, render 17256, present 2824)
[   1.494] ui I: games: gbc: 1 games from the cache in 2881 us (folder 64, read 2352, stat 217 x1, parse 233)
[   1.494] ui I: games: fds: still an empty folder (same mtime), 921 us
[   1.494] ui I: games: snes: still an empty folder (same mtime), 6887 us
[   1.494] ui I: games: n64: still an empty folder (same mtime), 1244 us
[   1.494] ui I: games: gba: still an empty folder (same mtime), 3695 us
[   1.494] ui I: games: sg1000: still an empty folder (same mtime), 4146 us
[    1.504] frontend: frame 3: 10193 us (wait for a buffer 5, render 7695, present 2493)
[   1.548] ui I: games: mastersystem: still an empty folder (same mtime), 58765 us
[   1.548] ui I: games: segacd: still an empty folder (same mtime), 1235 us
[   1.548] ui I: games: sega32x: still an empty folder (same mtime), 1086 us
[   1.548] ui I: games: pico: still an empty folder (same mtime), 1084 us
[   1.548] ui I: games: gamegear: still an empty folder (same mtime), 1143 us
[   1.548] ui I: games: psx: still an empty folder (same mtime), 1685 us
[   1.548] ui I: games: pcengine: still an empty folder (same mtime), 2742 us
[   1.548] ui I: games: pcenginecd: still an empty folder (same mtime), 1089 us
[   1.583] ui I: games: ngp: still an empty folder (same mtime), 1110 us
[   1.583] ui I: games: ngpc: still an empty folder (same mtime), 1235 us
[   1.583] ui I: games: wonderswan: still an empty folder (same mtime), 1072 us
[   1.583] ui I: games: wonderswancolor: still an empty folder (same mtime), 850 us
[   1.583] ui I: games: atari2600: still an empty folder (same mtime), 1031 us
[   1.583] ui I: games: atari7800: still an empty folder (same mtime), 1091 us
[   1.583] ui I: games: atarilynx: still an empty folder (same mtime), 994 us
[   1.583] ui I: games: coleco: still an empty folder (same mtime), 909 us
[   1.583] ui I: games: msx: still an empty folder (same mtime), 974 us
[   1.583] ui I: games: arcade: still an empty folder (same mtime), 988 us
[   1.583] ui I: games: fbneo: still an empty folder (same mtime), 1003 us
[   1.583] ui I: games: neogeo: still an empty folder (same mtime), 1093 us
[   1.583] ui I: games: neocd: still an empty folder (same mtime), 955 us
[   1.584] ui I: ui: game lists complete: 30 systems checked, 4 with games, 11 games, in 557 ms (worker 343 ms; warm-up 38 folders, 12 reads, 4864 KiB, 222 ms); carousel unchanged, 0 lists replaced; io 18 reads, 5453 KiB; digest 72dcf2dab7b6217e
[   1.584] ui I: ui: game list time by step: folder 369 us, cache read 16321 us, validation stat 102119 us, decode 921 us, readdir 0 us, gamelist.xml 0 us, cache write 0 us; slowest mastersystem 58765 us
[    1.598] frontend: game lists complete 733 ms after start
[    2.512] frontend: frame 7: 89305 us (wait for a buffer 5, render 86525, present 2775) slow
[    3.193] frontend: frame 14: 289648 us (wait for a buffer 7, render 287092, present 2549) slow
[   4.044] ui I: ui: launch "Espionage" (/data/roms/gb/Espionage.gb) with gambatte
[    4.187] frontend: launch: player 1 = builtin
[     4.188] display: suspended: DRM master dropped
[    4.188] frontend: launch Espionage (/data/roms/gb/Espionage.gb) with /usr/lib/libretro/gambatte_libretro.so
[     4.190] host I: game process 219 started: /usr/lib/libretro/gambatte_libretro.so /data/roms/gb/Espionage.gb
[power] power key short press: powering off
[power] shutdown requested: user
[   10.638] frontend: shutdown requested: user
