[    1.022] frontend: starting (pid 111)
[     1.031] display: switching to Unknown-1: 640x480@78.57 on crtc 49 (index 0)
[     1.045] display: plane 33: none
[     1.045] display: output now Unknown-1 640x480@78.57 (internal) crtc 49 plane 33, path none
[     1.070] display: plane 33: XR24 640x480 scaled to 640x480+0+0 (converted)
[     1.083] display: plane 33: XR24 640x480 scaled to 640x480+0+0 (converted)
[    1.083] frontend: output init: Unknown-1 640x480@78.571 Hz, UI 640x480
[    1.093] frontend: splash: 11114 bytes, 640x480, shown 75 ms after start (read 2909 us, decode + present 6966 us)
[   1.102] ui I: input: /dev/input/event5 "RetroStone2 Buttons" 0001:0001 guid 19000000010000000100000000010000 -> built-in
[   1.105] ui I: input: /dev/input/event4 "analog-stick" 0000:0000 guid 19000000616e616c6f672d737469636b -> built-in (analog stick)
[   1.106] ui I: input: /dev/input/event1 "RetroStone2 Brightness Keys" 0001:0001 guid 19000000010000000100000000010000 -> built-in
[   1.106] ui I: input: /dev/input/event0 "RetroStone2 Shoulder Buttons" 0001:0001 guid 19000000010000000100000000010000 -> built-in
[   1.135] ui I: ui: warm-up: 7 folders, 6 reads, 1024 KiB, 28181 us
[   1.158] ui I: ui: created in 51728 us, theme rsos-dark (io 1 reads, 0 KiB)
[   1.158] ui I: ui: logical size 640x480
[   1.230] ui I: ui: menu style bg fa1b1e23 dim 99000000 text ffeceef1 selector ff3d7bd9
[   1.232] ui I: ui: menu from the snapshot: 5 entries, 11 games, in 56719 us (warm-up 12 folders, 10 reads, 41692 us; io 4 reads); checking 30 systems in the background
[     1.232] display: hotplug uevent (seq 1588), debounce 250 ms
[   1.334] ui I: ui: first frame in 101854 us (theme parsing 18675 us, images: 0 decoded in 0 us, 0 from the cache in 0 us, 0 shared; backdrops: 1 from the cache, 0 composited, 16012 us; io 1 reads, 69 KiB)
[    1.337] frontend: frame 0: 104803 us (wait for a buffer 233, render 102282, present 2288)
[    1.337] frontend: first frame 319 ms after start (ui_create 51728 us)
[power] PEK force-off 6000 ms, power-on hold 1000 ms
[power] battery 70 % 3842 mV discharging, charger off, boot key
[    1.470] frontend: power: mode normal, battery 70 %
[    1.471] frontend: menu up 454 ms after start (game lists still loading): running /usr/bin/rsos-boot-ok
[    1.502] frontend: frame 1: 23513 us (wait for a buffer 6, render 19093, present 4414)
[     1.502] display: hotplug: no change (Unknown-1 still 640x480@78.57)
[   1.725] ui I: games: gb: 5 games from the cache in 16931 us (folder 120, read 16169, stat 313 x1, parse 249)
[   1.725] ui I: games: gbc: 1 games from the cache in 3379 us (folder 59, read 1831, stat 1332 x1, parse 134)
[   1.726] ui I: games: nes: 2 games from the cache in 4164 us (folder 77, read 3605, stat 248 x1, parse 216)
[   1.726] ui I: games: megadrive: 3 games from the cache in 9057 us (folder 58, read 8274, stat 233 x1, parse 474)
[   1.726] ui I: games: fds: still an empty folder (same mtime), 924 us
[   1.726] ui I: games: snes: still an empty folder (same mtime), 942 us
[   1.726] ui I: games: n64: still an empty folder (same mtime), 854 us
[   1.726] ui I: games: gba: still an empty folder (same mtime), 861 us
[   1.726] ui I: games: sg1000: still an empty folder (same mtime), 933 us
[    1.737] frontend: frame 2: 11047 us (wait for a buffer 5, render 8429, present 2613)
[   1.807] ui I: games: mastersystem: still an empty folder (same mtime), 67440 us
[   1.808] ui I: games: segacd: still an empty folder (same mtime), 1007 us
[   1.808] ui I: games: sega32x: still an empty folder (same mtime), 1131 us
[   1.808] ui I: games: pico: still an empty folder (same mtime), 1026 us
[   1.808] ui I: games: gamegear: still an empty folder (same mtime), 1076 us
[   1.808] ui I: games: psx: still an empty folder (same mtime), 964 us
[   1.808] ui I: games: pcengine: still an empty folder (same mtime), 1078 us
[   1.808] ui I: games: pcenginecd: still an empty folder (same mtime), 928 us
[   1.808] ui I: games: ngp: still an empty folder (same mtime), 1282 us
[   1.808] ui I: games: ngpc: still an empty folder (same mtime), 1014 us
[   1.808] ui I: games: wonderswan: still an empty folder (same mtime), 973 us
[   1.808] ui I: games: wonderswancolor: still an empty folder (same mtime), 1102 us
[   1.808] ui I: games: atari2600: still an empty folder (same mtime), 1134 us
[    1.819] frontend: frame 3: 11423 us (wait for a buffer 6, render 8915, present 2502)
[   1.834] ui I: games: atari7800: still an empty folder (same mtime), 14740 us
[   1.840] ui I: games: atarilynx: still an empty folder (same mtime), 832 us
[   1.840] ui I: games: coleco: still an empty folder (same mtime), 747 us
[   1.840] ui I: games: msx: still an empty folder (same mtime), 741 us
[   1.840] ui I: games: arcade: still an empty folder (same mtime), 855 us
[   1.840] ui I: games: fbneo: still an empty folder (same mtime), 1998 us
[   1.840] ui I: games: neogeo: still an empty folder (same mtime), 1001 us
[   1.840] ui I: games: neocd: still an empty folder (same mtime), 889 us
[   1.841] ui I: ui: game lists complete: 30 systems checked, 4 with games, 11 games, in 665 ms (worker 346 ms; warm-up 38 folders, 12 reads, 4864 KiB, 205 ms); carousel unchanged, 0 lists replaced; io 19 reads, 5451 KiB; digest d34afe2035b8aef8
[   1.841] ui I: ui: game list time by step: folder 314 us, cache read 29879 us, validation stat 108598 us, decode 1073 us, readdir 0 us, gamelist.xml 0 us, cache write 0 us; slowest mastersystem 67440 us
[    1.861] frontend: game lists complete 844 ms after start
