[    1.053] frontend: starting (pid 112)
[     1.062] display: switching to Unknown-1: 640x480@78.57 on crtc 49 (index 0)
[     1.075] display: plane 33: none
[     1.075] display: output now Unknown-1 640x480@78.57 (internal) crtc 49 plane 33, path none
[     1.100] display: plane 33: XR24 640x480 scaled to 640x480+0+0 (converted)
[     1.113] display: plane 33: XR24 640x480 scaled to 640x480+0+0 (converted)
[    1.113] frontend: output init: Unknown-1 640x480@78.571 Hz, UI 640x480
[    1.123] frontend: splash: 11114 bytes, 640x480, shown 75 ms after start (read 2957 us, decode + present 7210 us)
[   1.133] ui I: input: /dev/input/event5 "RetroStone2 Buttons" 0001:0001 guid 19000000010000000100000000010000 -> built-in
[   1.136] ui I: input: /dev/input/event4 "analog-stick" 0000:0000 guid 19000000616e616c6f672d737469636b -> built-in (analog stick)
[   1.136] ui I: input: /dev/input/event1 "RetroStone2 Brightness Keys" 0001:0001 guid 19000000010000000100000000010000 -> built-in
[   1.137] ui I: input: /dev/input/event0 "RetroStone2 Shoulder Buttons" 0001:0001 guid 19000000010000000100000000010000 -> built-in
[   1.166] ui I: ui: warm-up: 7 folders, 6 reads, 1024 KiB, 28510 us
[   1.194] ui I: ui: created in 56458 us, theme rsos-dark (io 1 reads, 0 KiB)
[   1.194] ui I: ui: logical size 640x480
[   1.331] ui I: ui: menu style bg fa1b1e23 dim 99000000 text ffeceef1 selector ff3d7bd9
[   1.333] ui I: ui: menu from the snapshot: 12 entries, 77 games, in 124024 us (warm-up 33 folders, 26 reads, 108691 us; io 7 reads); checking 30 systems in the background
[     1.334] display: hotplug uevent (seq 1588), debounce 250 ms
[   1.446] ui I: ui: first frame in 111876 us (theme parsing 28542 us, images: 0 decoded in 0 us, 0 from the cache in 0 us, 0 shared; backdrops: 1 from the cache, 0 composited, 16709 us; io 1 reads, 69 KiB)
[    1.448] frontend: frame 0: 114915 us (wait for a buffer 240, render 112331, present 2344)
[    1.449] frontend: first frame 400 ms after start (ui_create 56458 us)
[power] PEK force-off 6000 ms, power-on hold 1000 ms
[power] battery 68 % 3834 mV discharging, charger off, boot key
[    1.589] frontend: power: mode normal, battery 68 %
[    1.590] frontend: menu up 542 ms after start (game lists still loading): running /usr/bin/rsos-boot-ok
[     1.596] display: hotplug: no change (Unknown-1 still 640x480@78.57)
[    1.622] frontend: frame 1: 24391 us (wait for a buffer 7, render 15778, present 8606)
[   1.743] ui I: games: gba: 11 games from the cache in 9525 us (folder 109, read 8618, stat 79 x1, parse 648)
[    1.754] frontend: frame 2: 10440 us (wait for a buffer 6, render 8103, present 2331)
[   1.803] ui I: games: mastersystem: 1 games from the cache in 63470 us (folder 46, read 63055, stat 235 x1, parse 120)
[    1.826] frontend: frame 3: 22407 us (wait for a buffer 5, render 15253, present 7149)
[   1.839] ui I: games: gbc: 7 games from the cache in 7658 us (folder 1772, read 2822, stat 2803 x1, parse 241)
[   1.839] ui I: games: megadrive: 9 games from the cache in 5773 us (folder 62, read 3411, stat 1932 x1, parse 348)
[   1.839] ui I: games: gb: 13 games from the cache in 11445 us (folder 59, read 1583, stat 9363 x1, parse 420)
[   1.839] ui I: games: nes: 7 games from the cache in 5658 us (folder 62, read 4942, stat 249 x1, parse 324)
[   1.839] ui I: games: fds: still an empty folder (same mtime), 873 us
[   1.839] ui I: games: snes: 15 games from the cache in 3410 us (folder 818, read 1248, stat 59 x1, parse 1264)
[   1.839] ui I: games: n64: 8 games from the cache in 7143 us (folder 1964, read 3853, stat 84 x1, parse 1221)
[    1.890] frontend: frame 4: 50897 us (wait for a buffer 4, render 29221, present 21672) slow
[   1.903] ui I: games: sg1000: still an empty folder (same mtime), 7593 us
[   1.903] ui I: games: segacd: still an empty folder (same mtime), 1018 us
[   1.903] ui I: games: sega32x: still an empty folder (same mtime), 827 us
[   1.903] ui I: games: pico: still an empty folder (same mtime), 927 us
[   1.903] ui I: games: gamegear: 1 games from the cache in 5059 us (folder 843, read 2420, stat 66 x1, parse 1710)
[   1.903] ui I: games: psx: 4 games from the cache in 8119 us (folder 6793, read 968, stat 76 x1, parse 263)
[   1.903] ui I: games: pcengine: still an empty folder (same mtime), 940 us
[   1.903] ui I: games: pcenginecd: still an empty folder (same mtime), 856 us
[   1.903] ui I: games: ngp: still an empty folder (same mtime), 910 us
[   1.903] ui I: games: ngpc: still an empty folder (same mtime), 902 us
[   1.903] ui I: games: wonderswan: still an empty folder (same mtime), 914 us
[   1.903] ui I: games: wonderswancolor: still an empty folder (same mtime), 840 us
[   1.903] ui I: games: atari2600: still an empty folder (same mtime), 809 us
[   1.903] ui I: games: atari7800: still an empty folder (same mtime), 992 us
[   1.903] ui I: games: atarilynx: still an empty folder (same mtime), 953 us
[   1.903] ui I: games: coleco: still an empty folder (same mtime), 2643 us
[   1.903] ui I: games: msx: still an empty folder (same mtime), 1023 us
[   1.903] ui I: games: arcade: still an empty folder (same mtime), 968 us
[   1.903] ui I: games: fbneo: still an empty folder (same mtime), 930 us
[   1.903] ui I: games: neogeo: 1 games from the cache in 2849 us (folder 778, read 1709, stat 83 x1, parse 261)
[   1.903] ui I: games: neocd: still an empty folder (same mtime), 1038 us
[   1.904] ui I: ui: game lists complete: 30 systems checked, 11 with games, 77 games, in 693 ms (worker 279 ms; warm-up 38 folders, 12 reads, 4864 KiB, 122 ms); carousel updated, 0 lists replaced; io 26 reads, 4695 KiB; digest 983b4345324fa62c
[   1.904] ui I: ui: game list time by step: folder 13306 us, cache read 94629 us, validation stat 40985 us, decode 6820 us, readdir 0 us, gamelist.xml 0 us, cache write 0 us; slowest mastersystem 63470 us
[   1.905] ui I: ui: carousel snapshot saved (12 entries)
[    1.917] frontend: game lists complete 869 ms after start
