[    0.739] frontend: starting (pid 97)
[     0.753] display: switching to Unknown-1: 640x480@78.57 on crtc 49 (index 0)
[     0.770] display: plane 33: none
[     0.770] display: output now Unknown-1 640x480@78.57 (internal) crtc 49 plane 33, path none
[     0.795] display: plane 33: XR24 640x480 scaled to 640x480+0+0 (converted)
[     0.807] display: plane 33: XR24 640x480 scaled to 640x480+0+0 (converted)
[    0.808] frontend: output init: Unknown-1 640x480@78.571 Hz, UI 640x480
[    0.815] frontend: splash: 11114 bytes, 640x480, shown 77 ms after start (read 275 us, decode + present 7350 us)
[   0.817] ui I: input: /dev/input/event5 "RetroStone2 Buttons" 0001:0001 guid 19000000010000000100000000010000 -> built-in
[   0.818] ui I: input: /dev/input/event4 "analog-stick" 0000:0000 guid 19000000616e616c6f672d737469636b -> built-in (analog stick)
[   0.819] ui I: input: /dev/input/event1 "RetroStone2 Brightness Keys" 0001:0001 guid 19000000010000000100000000010000 -> built-in
[   0.820] ui I: input: /dev/input/event0 "RetroStone2 Shoulder Buttons" 0001:0001 guid 19000000010000000100000000010000 -> built-in
[   0.849] ui I: ui: warm-up: 7 folders, 6 reads, 1024 KiB, 28540 us
[   0.856] ui I: ui: menu style bg f0202226 dim 99000000 text ffe8e8e8 selector ff3d7bd9
[   0.857] ui I: ui: created in 37029 us, theme rsos-dark (io 1 reads, 0 KiB)
[   0.857] ui I: ui: logical size 640x480
[   0.928] ui I: ui: menu style bg fa1b1e23 dim 99000000 text ffeceef1 selector ff3d7bd9
[   0.928] ui I: ui: menu from the snapshot: 4 entries, 11 games, in 55591 us (warm-up 12 folders, 10 reads, 42429 us; io 4 reads); checking 30 systems in the background
[     0.929] display: hotplug uevent (seq 798), debounce 250 ms
[     0.929] display: hotplug uevent (seq 799), debounce 250 ms
[   1.026] ui I: ui: first frame in 96417 us (theme parsing 17051 us, images: 0 decoded in 0 us, 0 from the cache in 0 us, 0 shared; backdrops: 1 from the cache, 0 composited, 18233 us; io 1 reads, 77 KiB)
[    1.029] frontend: frame 0: 99995 us (wait for a buffer 351, render 96860, present 2784)
[    1.029] frontend: first frame 291 ms after start (ui_create 37029 us)
[power] PEK force-off 6000 ms, power-on hold 128 ms
[power] battery 65 % 3813 mV discharging, charger off, boot key
[    1.044] frontend: power: mode normal, battery 65 %
[    1.045] transfer: usb: watching /sys/block (kernel uevents)
[    1.045] frontend: menu up 308 ms after start (game lists still loading): running /usr/bin/rsos-boot-ok
[    1.079] frontend: resume: offering Into the Blue (/data/roms/gb/Into the Blue.gb, /data/states/gb/Into the Blue.state.auto)
[   1.079] ui I: ui: boot resume offered: "Into the Blue" (/data/roms/gb/Into the Blue.gb, gambatte)
[    1.120] frontend: frame 1: 39578 us (wait for a buffer 7, render 36535, present 3036)
[     1.179] display: hotplug: no change (Unknown-1 still 640x480@78.57)
[   1.304] ui I: games: gb: 5 games from the cache in 8611 us (folder 124, read 6344, stat 499 x1, parse 401)
[   1.304] ui I: games: gbc: 1 games from the cache in 2891 us (folder 118, read 1159, stat 1486 x1, parse 109)
[    1.314] frontend: frame 2: 10106 us (wait for a buffer 6, render 7592, present 2508)
[   1.360] ui I: games: nes: 2 games from the cache in 56273 us (folder 71, read 55800, stat 207 x1, parse 183)
[    1.387] frontend: frame 3: 26585 us (wait for a buffer 5, render 18527, present 8053)
[   1.393] ui I: games: megadrive: 3 games from the cache in 5184 us (folder 54, read 4548, stat 266 x1, parse 296)
[   1.393] ui I: games: fds: still an empty folder (same mtime), 938 us
[   1.393] ui I: games: snes: still an empty folder (same mtime), 3583 us
[   1.393] ui I: games: n64: still an empty folder (same mtime), 2766 us
[   1.393] ui I: games: gba: still an empty folder (same mtime), 3020 us
[   1.393] ui I: games: sg1000: still an empty folder (same mtime), 883 us
[   1.393] ui I: games: mastersystem: still an empty folder (same mtime), 720 us
[   1.393] ui I: games: segacd: still an empty folder (same mtime), 3485 us
[   1.393] ui I: games: sega32x: still an empty folder (same mtime), 1410 us
[   1.393] ui I: games: pico: still an empty folder (same mtime), 2157 us
[   1.393] ui I: games: gamegear: still an empty folder (same mtime), 3584 us
[   1.394] ui I: games: psx: still an empty folder (same mtime), 964 us
[   1.394] ui I: games: pcengine: still an empty folder (same mtime), 2720 us
[   1.394] ui I: games: pcenginecd: still an empty folder (same mtime), 874 us
[   1.394] ui I: games: ngp: still an empty folder (same mtime), 1176 us
[   1.419] ui I: games: ngpc: still an empty folder (same mtime), 1518 us
[   1.420] ui I: games: wonderswan: still an empty folder (same mtime), 1257 us
[   1.421] ui I: games: wonderswancolor: still an empty folder (same mtime), 892 us
[   1.421] ui I: games: atari2600: still an empty folder (same mtime), 1322 us
[   1.421] ui I: games: atari7800: still an empty folder (same mtime), 1195 us
[   1.421] ui I: games: atarilynx: still an empty folder (same mtime), 1124 us
[   1.421] ui I: games: coleco: still an empty folder (same mtime), 1188 us
[   1.421] ui I: games: msx: still an empty folder (same mtime), 1179 us
[   1.421] ui I: games: arcade: still an empty folder (same mtime), 940 us
[   1.421] ui I: games: fbneo: still an empty folder (same mtime), 748 us
[   1.421] ui I: games: neogeo: still an empty folder (same mtime), 894 us
[   1.421] ui I: games: neocd: still an empty folder (same mtime), 1180 us
[   3.125] ui I: ui: boot resume "Into the Blue": resume
[    3.125] frontend: resume: resuming at the player's request
[   3.125] ui I: ui: launch "Into the Blue" (/data/roms/gb/Into the Blue.gb) with gambatte (resume), resume
[    3.240] frontend: launch: player 1 = builtin
[     3.241] display: suspended: DRM master dropped
[    3.241] frontend: launch Into the Blue (/data/roms/gb/Into the Blue.gb) with /usr/lib/libretro/gambatte_libretro.so, resuming (boot offer)
[     3.243] host I: game process 216 started: /usr/lib/libretro/gambatte_libretro.so /data/roms/gb/Into the Blue.gb
