[    1.040] frontend: starting (pid 114)
[     1.050] display: switching to Unknown-1: 640x480@78.57 on crtc 49 (index 0)
[     1.063] display: plane 33: none
[     1.063] display: output now Unknown-1 640x480@78.57 (internal) crtc 49 plane 33, path none
[     1.089] display: plane 33: XR24 640x480 scaled to 640x480+0+0 (converted)
[     1.101] display: plane 33: XR24 640x480 scaled to 640x480+0+0 (converted)
[    1.101] frontend: output init: Unknown-1 640x480@78.571 Hz, UI 640x480
[    1.111] frontend: splash: 11114 bytes, 640x480, shown 76 ms after start (read 2758 us, decode + present 6877 us)
[   1.121] ui I: input: /dev/input/event5 "RetroStone2 Buttons" 0001:0001 guid 19000000010000000100000000010000 -> built-in
[   1.124] ui I: input: /dev/input/event4 "analog-stick" 0000:0000 guid 19000000616e616c6f672d737469636b -> built-in (analog stick)
[   1.124] ui I: input: /dev/input/event1 "RetroStone2 Brightness Keys" 0001:0001 guid 19000000010000000100000000010000 -> built-in
[   1.125] ui I: input: /dev/input/event0 "RetroStone2 Shoulder Buttons" 0001:0001 guid 19000000010000000100000000010000 -> built-in
[   1.154] ui I: ui: warm-up: 7 folders, 6 reads, 1024 KiB, 28502 us
[   1.177] ui I: ui: created in 52041 us, theme rsos-dark (io 1 reads, 0 KiB)
[   1.177] ui I: ui: logical size 640x480
[   1.317] ui I: ui: menu style bg fa1b1e23 dim 99000000 text ffeceef1 selector ff3d7bd9
[   1.319] ui I: ui: menu from the snapshot: 12 entries, 77 games, in 126277 us (warm-up 33 folders, 26 reads, 111484 us; io 7 reads); checking 30 systems in the background
[     1.319] display: hotplug uevent (seq 1588), debounce 250 ms
[   1.423] ui I: ui: first frame in 103058 us (theme parsing 19589 us, images: 0 decoded in 0 us, 0 from the cache in 0 us, 0 shared; backdrops: 1 from the cache, 0 composited, 16257 us; io 1 reads, 68 KiB)
[    1.425] frontend: frame 0: 106328 us (wait for a buffer 232, render 103719, present 2377)
[    1.427] frontend: first frame 391 ms after start (ui_create 52041 us)
[power] PEK force-off 6000 ms, power-on hold 1000 ms
[power] battery 66 % 3814 mV discharging, charger off, boot key
[    1.549] frontend: power: mode normal, battery 66 %
[    1.550] frontend: menu up 515 ms after start (game lists still loading): running /usr/bin/rsos-boot-ok
[    1.582] frontend: frame 1: 23650 us (wait for a buffer 6, render 18131, present 5513)
[     1.583] display: hotplug: no change (Unknown-1 still 640x480@78.57)
[   1.708] ui I: games: n64: 8 games from the cache in 5678 us (folder 115, read 5212, stat 91 x1, parse 185)
[   1.708] ui I: games: gb: 13 games from the cache in 5846 us (folder 50, read 5391, stat 253 x1, parse 133)
[   1.708] ui I: games: snes: 15 games from the cache in 4930 us (folder 40, read 4568, stat 82 x1, parse 220)
[    1.722] frontend: frame 2: 13526 us (wait for a buffer 6, render 10386, present 3134)
[   1.726] ui I: games: gbc: 7 games from the cache in 9911 us (folder 49, read 1006, stat 8484 x1, parse 348)
[    1.738] frontend: frame 3: 10972 us (wait for a buffer 5, render 8317, present 2650)
[   1.783] ui I: games: nes: 7 games from the cache in 59239 us (folder 82, read 2280, stat 56567 x1, parse 287)
[   1.783] ui I: games: fds: still an empty folder (same mtime), 994 us
[   1.783] ui I: games: gba: 11 games from the cache in 4522 us (folder 836, read 3314, stat 76 x1, parse 279)
[   1.784] ui I: games: sg1000: still an empty folder (same mtime), 4369 us
[   1.841] ui I: games: mastersystem: 1 games from the cache in 8821 us (folder 1135, read 7362, stat 69 x1, parse 239)
[   1.841] ui I: games: megadrive: 9 games from the cache in 11637 us (folder 1024, read 9960, stat 293 x1, parse 339)
[   1.841] ui I: games: segacd: still an empty folder (same mtime), 967 us
[   1.841] ui I: games: sega32x: still an empty folder (same mtime), 853 us
[   1.841] ui I: games: pico: still an empty folder (same mtime), 1089 us
[   1.841] ui I: games: gamegear: 1 games from the cache in 3258 us (folder 900, read 1092, stat 80 x1, parse 1164)
[   1.841] ui I: games: psx: 4 games from the cache in 4686 us (folder 1865, read 1330, stat 71 x1, parse 1400)
[   1.841] ui I: games: pcengine: still an empty folder (same mtime), 1733 us
[   1.841] ui I: games: pcenginecd: still an empty folder (same mtime), 2132 us
[   1.841] ui I: games: ngp: still an empty folder (same mtime), 3329 us
[   1.841] ui I: games: ngpc: still an empty folder (same mtime), 4625 us
[   1.841] ui I: games: wonderswan: still an empty folder (same mtime), 6407 us
[   1.841] ui I: games: wonderswancolor: still an empty folder (same mtime), 1136 us
[   1.841] ui I: games: atari2600: still an empty folder (same mtime), 904 us
[   1.841] ui I: games: atari7800: still an empty folder (same mtime), 856 us
[   1.841] ui I: games: atarilynx: still an empty folder (same mtime), 959 us
[   1.841] ui I: games: coleco: still an empty folder (same mtime), 1026 us
[   1.841] ui I: games: msx: still an empty folder (same mtime), 871 us
[   1.841] ui I: games: arcade: still an empty folder (same mtime), 889 us
[   1.841] ui I: games: fbneo: still an empty folder (same mtime), 986 us
[   1.865] ui I: games: neogeo: 1 games from the cache in 14378 us (folder 830, read 13146, stat 93 x1, parse 290)
[   1.866] ui I: games: neocd: still an empty folder (same mtime), 887 us
[   1.866] ui I: ui: game lists complete: 30 systems checked, 11 with games, 77 games, in 673 ms (worker 294 ms; warm-up 38 folders, 12 reads, 4864 KiB, 125 ms); carousel unchanged, 0 lists replaced; io 27 reads, 4822 KiB; digest b53dc9f406ad7768
[   1.867] ui I: ui: game list time by step: folder 6926 us, cache read 54661 us, validation stat 101171 us, decode 4884 us, readdir 0 us, gamelist.xml 0 us, cache write 0 us; slowest nes 59239 us
[    1.878] frontend: game lists complete 843 ms after start
