[    0.733] frontend: starting (pid 101)
[     0.746] display: switching to Unknown-1: 640x480@78.57 on crtc 49 (index 0)
[     0.759] display: plane 33: none
[     0.760] display: output now Unknown-1 640x480@78.57 (internal) crtc 49 plane 33, path none
[     0.785] display: plane 33: XR24 640x480 scaled to 640x480+0+0 (converted)
[     0.798] display: plane 33: XR24 640x480 scaled to 640x480+0+0 (converted)
[    0.798] frontend: output init: Unknown-1 640x480@78.571 Hz, UI 640x480
[    0.807] frontend: splash: 11114 bytes, 640x480, shown 75 ms after start (read 297 us, decode + present 9463 us)
[   0.809] ui I: input: /dev/input/event5 "RetroStone2 Buttons" 0001:0001 guid 19000000010000000100000000010000 -> built-in
[   0.810] ui I: input: /dev/input/event4 "analog-stick" 0000:0000 guid 19000000616e616c6f672d737469636b -> built-in (analog stick)
[   0.811] ui I: input: /dev/input/event1 "RetroStone2 Brightness Keys" 0001:0001 guid 19000000010000000100000000010000 -> built-in
[   0.812] ui I: input: /dev/input/event0 "RetroStone2 Shoulder Buttons" 0001:0001 guid 19000000010000000100000000010000 -> built-in
[   0.841] ui I: ui: warm-up: 7 folders, 6 reads, 1024 KiB, 28780 us
[   0.849] ui I: ui: menu style bg f0202226 dim 99000000 text ffe8e8e8 selector ff3d7bd9
[   0.850] ui I: ui: created in 37685 us, theme rsos-dark (io 1 reads, 0 KiB)
[   0.850] ui I: ui: logical size 640x480
[   0.922] ui I: ui: menu style bg fa1b1e23 dim 99000000 text ffeceef1 selector ff3d7bd9
[   0.922] ui I: ui: menu from the snapshot: 5 entries, 11 games, in 55646 us (warm-up 12 folders, 10 reads, 42588 us; io 4 reads); checking 30 systems in the background
[     0.923] display: hotplug uevent (seq 798), debounce 250 ms
[   1.026] ui I: ui: first frame in 102691 us (theme parsing 20573 us, images: 0 decoded in 0 us, 0 from the cache in 0 us, 0 shared; backdrops: 1 from the cache, 0 composited, 18001 us; io 1 reads, 77 KiB)
[    1.030] frontend: frame 0: 107647 us (wait for a buffer 342, render 103123, present 4182)
[    1.031] frontend: first frame 298 ms after start (ui_create 37685 us)
[power] PEK force-off 6000 ms, power-on hold 128 ms
[power] battery 64 % 3810 mV discharging, charger off, boot key
[    1.049] frontend: power: mode normal, battery 64 %
[    1.050] transfer: usb: watching /sys/block (kernel uevents)
[    1.050] frontend: menu up 318 ms after start (game lists still loading): running /usr/bin/rsos-boot-ok
[    1.078] frontend: resume: offering Into the Blue (/data/roms/gb/Into the Blue.gb, /data/states/gb/Into the Blue.state.auto)
[   1.078] ui I: ui: boot resume offered: "Into the Blue" (/data/roms/gb/Into the Blue.gb, gambatte)
[    1.121] frontend: frame 1: 38131 us (wait for a buffer 7, render 33099, present 5025)
[     1.174] display: hotplug: no change (Unknown-1 still 640x480@78.57)
[   1.321] ui I: games: gb: 5 games from the cache in 6953 us (folder 1461, read 2945, stat 2315 x1, parse 172)
[   1.321] ui I: games: gbc: 1 games from the cache in 1387 us (folder 145, read 898, stat 219 x1, parse 108)
[    1.334] frontend: frame 2: 13264 us (wait for a buffer 6, render 8408, present 4850)
[   1.388] ui I: games: nes: 2 games from the cache in 66038 us (folder 64, read 1819, stat 63917 x1, parse 218)
[   1.388] ui I: games: megadrive: 3 games from the cache in 3780 us (folder 69, read 3090, stat 219 x1, parse 385)
[   1.388] ui I: games: fds: still an empty folder (same mtime), 2583 us
[   1.388] ui I: games: snes: still an empty folder (same mtime), 4984 us
[   1.388] ui I: games: n64: still an empty folder (same mtime), 1462 us
[    1.422] frontend: frame 3: 34360 us (wait for a buffer 5, render 24941, present 9414)
[   1.435] ui I: games: gba: still an empty folder (same mtime), 5666 us
[   1.435] ui I: games: sg1000: still an empty folder (same mtime), 1226 us
[   1.435] ui I: games: mastersystem: still an empty folder (same mtime), 1340 us
[   1.435] ui I: games: segacd: still an empty folder (same mtime), 1703 us
[   1.435] ui I: games: sega32x: still an empty folder (same mtime), 1291 us
[   1.435] ui I: games: pico: still an empty folder (same mtime), 973 us
[   1.435] ui I: games: gamegear: still an empty folder (same mtime), 1476 us
[   1.435] ui I: games: psx: still an empty folder (same mtime), 1498 us
[   1.435] ui I: games: pcengine: still an empty folder (same mtime), 1482 us
[   1.435] ui I: games: pcenginecd: still an empty folder (same mtime), 1022 us
[   1.435] ui I: games: ngp: still an empty folder (same mtime), 1108 us
[   1.435] ui I: games: ngpc: still an empty folder (same mtime), 1194 us
[   1.435] ui I: games: wonderswan: still an empty folder (same mtime), 1274 us
[   1.435] ui I: games: wonderswancolor: still an empty folder (same mtime), 962 us
[   1.435] ui I: games: atari2600: still an empty folder (same mtime), 901 us
[   1.435] ui I: games: atari7800: still an empty folder (same mtime), 959 us
[   1.435] ui I: games: atarilynx: still an empty folder (same mtime), 1503 us
[   1.435] ui I: games: coleco: still an empty folder (same mtime), 1118 us
[   1.435] ui I: games: msx: still an empty folder (same mtime), 1357 us
[   1.435] ui I: games: arcade: still an empty folder (same mtime), 869 us
[   1.435] ui I: games: fbneo: still an empty folder (same mtime), 1886 us
[   1.435] ui I: games: neogeo: still an empty folder (same mtime), 1765 us
[   1.435] ui I: games: neocd: still an empty folder (same mtime), 1181 us
[   2.981] ui I: ui: boot resume "Into the Blue": resume
[    2.981] frontend: resume: resuming at the player's request
[   2.981] ui I: ui: launch "Into the Blue" (/data/roms/gb/Into the Blue.gb) with gambatte (resume), resume
[    3.037] frontend: launch: player 1 = builtin
[     3.038] display: suspended: DRM master dropped
[    3.038] frontend: launch Into the Blue (/data/roms/gb/Into the Blue.gb) with /usr/lib/libretro/gambatte_libretro.so, resuming (boot offer)
[     3.040] host I: game process 220 started: /usr/lib/libretro/gambatte_libretro.so /data/roms/gb/Into the Blue.gb
[     5.113] host I: game process 220 exited: 0
[     5.125] display: plane 33: XR24 640x480 scaled to 640x480+0+0 (converted)
[     5.125] display: resumed on Unknown-1 in 12 ms
[    5.126] frontend: game ended: status 0, exit 0
[    5.127] frontend: auto state written at exit: 27 KB in 326 ms
[   5.291] ui I: ui: game lists complete: 30 systems checked, 4 with games, 11 games, in 4422 ms (worker 337 ms; warm-up 38 folders, 12 reads, 4864 KiB, 215 ms); carousel unchanged, 0 lists replaced; io 27 reads, 5872 KiB; digest baed2695cf19c0b4
[   5.291] ui I: ui: game list time by step: folder 1739 us, cache read 8752 us, validation stat 109453 us, decode 883 us, readdir 0 us, gamelist.xml 0 us, cache write 0 us; slowest nes 66038 us
[    5.311] frontend: game lists complete 4579 ms after start
[    7.059] frontend: frame 26: 106366 us (wait for a buffer 4, render 101571, present 4791) slow
[   8.424] ui I: ui: launch "Espionage" (/data/roms/gb/Espionage.gb) with gambatte (default)
[    8.488] frontend: launch: player 1 = builtin
[     8.488] display: suspended: DRM master dropped
[    8.488] frontend: launch Espionage (/data/roms/gb/Espionage.gb) with /usr/lib/libretro/gambatte_libretro.so
[     8.491] host I: game process 410 started: /usr/lib/libretro/gambatte_libretro.so /data/roms/gb/Espionage.gb
[    12.372] host I: game process 410 exited: 0
[    12.379] display: plane 33: XR24 640x480 scaled to 640x480+0+0 (converted)
[    12.379] display: resumed on Unknown-1 in 7 ms
[   12.381] frontend: game ended: status 0, exit 0
[   12.381] frontend: auto state written at exit: 27 KB in 128 ms
[  15.034] ui I: ui: launch "Into the Blue" (/data/roms/gb/Into the Blue.gb) with gambatte (default), resume
[   15.167] frontend: launch: player 1 = builtin
[    15.167] display: suspended: DRM master dropped
[   15.167] frontend: launch Into the Blue (/data/roms/gb/Into the Blue.gb) with /usr/lib/libretro/gambatte_libretro.so, resuming
[    15.170] host I: game process 491 started: /usr/lib/libretro/gambatte_libretro.so /data/roms/gb/Into the Blue.gb
[    16.528] host I: game process 491 exited: 0
[    16.541] display: plane 33: XR24 640x480 scaled to 640x480+0+0 (converted)
[    16.541] display: resumed on Unknown-1 in 13 ms
[   16.542] frontend: game ended: status 0, exit 0
[   16.542] frontend: auto state written at exit: 27 KB in 292 ms
[    19.049] display: refresh measured on Unknown-1: 78.571 Hz (168 vblanks in 2.138 s; mode 78.571 Hz)
