[    1.481] frontend: starting (pid 127)
[     1.497] display: switching to Unknown-1: 640x480@78.57 on crtc 49 (index 0)
[     1.511] display: plane 33: none
[     1.511] display: output now Unknown-1 640x480@78.57 (internal) crtc 49 plane 33, path none
[     1.537] display: plane 33: XR24 640x480 scaled to 640x480+0+0 (converted)
[     1.549] display: plane 33: XR24 640x480 scaled to 640x480+0+0 (converted)
[    1.549] frontend: output init: Unknown-1 640x480@78.571 Hz, UI 640x480
[    1.567] frontend: splash: 11114 bytes, 640x480, shown 90 ms after start (read 8717 us, decode + present 9091 us)
[   1.579] ui I: input: /dev/input/event5 "RetroStone2 Buttons" 0001:0001 guid 19000000010000000100000000010000 -> built-in
[   1.582] ui I: input: /dev/input/event4 "analog-stick" 0000:0000 guid 19000000616e616c6f672d737469636b -> built-in (analog stick)
[   1.720] ui I: input: /dev/input/event1 "RetroStone2 Brightness Keys" 0001:0001 guid 19000000010000000100000000010000 -> built-in
[   1.720] ui I: input: /dev/input/event0 "RetroStone2 Shoulder Buttons" 0001:0001 guid 19000000010000000100000000010000 -> built-in
[   1.886] ui I: ui: created in 165342 us, theme rsos-dark
[   1.886] ui I: ui: logical size 640x480
[     2.214] display: hotplug uevent (seq 1588), debounce 250 ms
[    2.286] frontend: first frame 810 ms after start (ui_create 165342 us)
[power] PEK force-off 6000 ms, power-on hold 1000 ms
[power] battery 69 % 3850 mV discharging, charger off, boot key
[    2.388] frontend: power: mode normal, battery 69 %
[     2.506] display: hotplug: no change (Unknown-1 still 640x480@78.57)
[   5.767] ui I: ui: menu style bg fa1b1e23 dim 99000000 text ffeceef1 selector ff3d7bd9
[   5.771] ui I: ui: 5 systems, 11 games loaded in 3881566 us
[   6.322] ui I: ui: first frame in 551017 us (theme parsing 28246 us)
[    6.325] frontend: menu up: running /usr/bin/rsos-boot-ok
[power] power key short press: powering off
[power] shutdown requested: user
[   10.461] frontend: shutdown requested: user
