[    0.869] frontend: starting (pid 105)
[     0.879] display: switching to Unknown-1: 640x480@78.57 on crtc 49 (index 0)
[     0.893] display: plane 33: none
[     0.893] display: output now Unknown-1 640x480@78.57 (internal) crtc 49 plane 33, path none
[     0.918] display: plane 33: XR24 640x480 scaled to 640x480+0+0 (converted)
[     0.931] display: plane 33: XR24 640x480 scaled to 640x480+0+0 (converted)
[    0.931] frontend: output init: Unknown-1 640x480@78.571 Hz, UI 640x480
[    0.942] frontend: splash: 11114 bytes, 640x480, shown 78 ms after start (read 2957 us, decode + present 7791 us)
[   0.951] ui I: input: /dev/input/event5 "RetroStone2 Buttons" 0001:0001 guid 19000000010000000100000000010000 -> built-in
[   0.953] ui I: input: /dev/input/event4 "analog-stick" 0000:0000 guid 19000000616e616c6f672d737469636b -> built-in (analog stick)
[   0.954] ui I: input: /dev/input/event1 "RetroStone2 Brightness Keys" 0001:0001 guid 19000000010000000100000000010000 -> built-in
[   0.954] ui I: input: /dev/input/event0 "RetroStone2 Shoulder Buttons" 0001:0001 guid 19000000010000000100000000010000 -> built-in
[   0.984] ui I: ui: warm-up: 7 folders, 6 reads, 1024 KiB, 28738 us
[   1.010] ui I: ui: menu style bg f0202226 dim 99000000 text ffe8e8e8 selector ff3d7bd9
[   1.011] ui I: ui: created in 56333 us, theme rsos-light (io 1 reads, 0 KiB)
[   1.012] ui I: ui: logical size 640x480
[   1.086] ui I: ui: menu style bg faf6f7f9 dim 99000000 text ff1d2126 selector ff2f6fd0
[   1.089] ui I: ui: menu from the snapshot: 5 entries, 11 games, in 59822 us (warm-up 12 folders, 10 reads, 42822 us; io 4 reads); checking 30 systems in the background
[     1.089] display: hotplug uevent (seq 961), debounce 250 ms
[   1.198] ui I: ui: first frame in 108408 us (theme parsing 21370 us, images: 0 decoded in 0 us, 0 from the cache in 0 us, 0 shared; backdrops: 1 from the cache, 0 composited, 18461 us; io 1 reads, 69 KiB)
[    1.201] frontend: frame 0: 111561 us (wait for a buffer 238, render 108845, present 2478)
[    1.201] frontend: first frame 337 ms after start (ui_create 56333 us)
[power] PEK force-off 6000 ms, power-on hold 128 ms
[power] battery 66 % 3821 mV discharging, charger off, boot key
[    1.224] frontend: power: mode normal, battery 66 %
[    1.224] transfer: usb: watching /sys/block (kernel uevents)
[    1.225] frontend: menu up 362 ms after start (game lists still loading): running /usr/bin/rsos-boot-ok
[    1.256] frontend: frame 1: 19907 us (wait for a buffer 5, render 15830, present 4072)
[     1.340] display: hotplug: no change (Unknown-1 still 640x480@78.57)
[   1.524] ui I: games: gb: 5 games from the cache in 54538 us (folder 125, read 52981, stat 1058 x1, parse 296)
[   1.524] ui I: games: gbc: 1 games from the cache in 7793 us (folder 106, read 6729, stat 764 x1, parse 175)
[    1.551] frontend: frame 2: 26639 us (wait for a buffer 6, render 21631, present 5002)
[   1.555] ui I: games: nes: 2 games from the cache in 3985 us (folder 501, read 2873, stat 297 x1, parse 231)
[   1.555] ui I: games: megadrive: 3 games from the cache in 4127 us (folder 68, read 1249, stat 430 x1, parse 2350)
[   1.555] ui I: games: fds: still an empty folder (same mtime), 2963 us
[   1.557] ui I: games: snes: still an empty folder (same mtime), 2906 us
[   1.557] ui I: games: n64: still an empty folder (same mtime), 2000 us
[   1.557] ui I: games: gba: still an empty folder (same mtime), 2401 us
[   1.557] ui I: games: sg1000: still an empty folder (same mtime), 1788 us
[   1.557] ui I: games: mastersystem: still an empty folder (same mtime), 2113 us
[   1.557] ui I: games: segacd: still an empty folder (same mtime), 3235 us
[   1.557] ui I: games: sega32x: still an empty folder (same mtime), 2118 us
[   1.557] ui I: games: pico: still an empty folder (same mtime), 2500 us
[   1.557] ui I: games: gamegear: still an empty folder (same mtime), 1437 us
[    1.579] frontend: frame 3: 22492 us (wait for a buffer 5, render 15379, present 7108)
[   1.593] ui I: games: psx: still an empty folder (same mtime), 1010 us
[   1.594] ui I: games: pcengine: still an empty folder (same mtime), 917 us
[   1.594] ui I: games: pcenginecd: still an empty folder (same mtime), 2076 us
[   1.594] ui I: games: ngp: still an empty folder (same mtime), 2783 us
[   1.594] ui I: games: ngpc: still an empty folder (same mtime), 2448 us
[   1.594] ui I: games: wonderswan: still an empty folder (same mtime), 2640 us
[   1.594] ui I: games: wonderswancolor: still an empty folder (same mtime), 2828 us
[   1.594] ui I: games: atari2600: still an empty folder (same mtime), 2600 us
[   1.594] ui I: games: atari7800: still an empty folder (same mtime), 1357 us
[   1.594] ui I: games: atarilynx: still an empty folder (same mtime), 1113 us
[   1.594] ui I: games: coleco: still an empty folder (same mtime), 3006 us
[   1.594] ui I: games: msx: still an empty folder (same mtime), 2009 us
[   1.594] ui I: games: arcade: still an empty folder (same mtime), 3372 us
[   1.594] ui I: games: fbneo: still an empty folder (same mtime), 1193 us
[   1.594] ui I: games: neogeo: still an empty folder (same mtime), 2836 us
[   1.594] ui I: games: neocd: still an empty folder (same mtime), 1094 us
[   1.595] ui I: ui: game lists complete: 30 systems checked, 4 with games, 11 games, in 565 ms (worker 351 ms; warm-up 38 folders, 12 reads, 4864 KiB, 223 ms); carousel unchanged, 0 lists replaced; io 19 reads, 5580 KiB; digest 4c8b852a00efaadb
[   1.595] ui I: ui: game list time by step: folder 800 us, cache read 63832 us, validation stat 59292 us, decode 3052 us, readdir 0 us, gamelist.xml 0 us, cache write 0 us; slowest gb 54538 us
[    1.612] frontend: game lists complete 749 ms after start
[    1.897] frontend: frame 5: 116846 us (wait for a buffer 7, render 113843, present 2996) slow
